 SolveTSP

 Timestamp is 5e86caae (Fri Apr  3 14:33:34 2020)

 Preferred load address is 0000000180000000

 Start         Length     Name                   Class
 0001:00000000 00000140H .text$di                CODE
 0001:00000140 00001cc0H .text$mn                CODE
 0001:00001e00 00000012H .text$mn$00             CODE
 0001:00001e12 0000008eH .text$x                 CODE
 0001:00001ea0 0000003cH .text$yd                CODE
 0002:00000000 00000258H .idata$5                DATA
 0002:00000258 00000010H .00cfg                  DATA
 0002:00000268 00000008H .CRT$XCA                DATA
 0002:00000270 00000008H .CRT$XCL                DATA
 0002:00000278 00000018H .CRT$XCU                DATA
 0002:00000290 00000008H .CRT$XCZ                DATA
 0002:00000298 00000008H .CRT$XIA                DATA
 0002:000002a0 00000008H .CRT$XIC                DATA
 0002:000002a8 00000008H .CRT$XIZ                DATA
 0002:000002b0 00000008H .CRT$XLA                DATA
 0002:000002b8 00000008H .CRT$XLZ                DATA
 0002:000002c0 00000008H .CRT$XPA                DATA
 0002:000002c8 00000008H .CRT$XPZ                DATA
 0002:000002d0 00000008H .CRT$XTA                DATA
 0002:000002d8 00000008H .CRT$XTZ                DATA
 0002:000002e0 00000308H .rdata                  DATA
 0002:000005e8 00000028H .rdata$T                DATA
 0002:00000610 0000027cH .rdata$r                DATA
 0002:0000088c 000003dcH .rdata$zzzdbg           DATA
 0002:00000c68 00000008H .rtc$IAA                DATA
 0002:00000c70 00000008H .rtc$IZZ                DATA
 0002:00000c78 00000008H .rtc$TAA                DATA
 0002:00000c80 00000008H .rtc$TZZ                DATA
 0002:00000c88 000001c8H .xdata                  DATA
 0002:00000e50 00000000H ATL$__a                 DATA
 0002:00000e50 00000000H ATL$__z                 DATA
 0002:00000e50 00000064H .edata                  DATA
 0002:00000eb4 000000a0H .idata$2                DATA
 0002:00000f54 00000014H .idata$3                DATA
 0002:00000f68 00000258H .idata$4                DATA
 0002:000011c0 000004e8H .idata$6                DATA
 0003:00000000 00000040H .data                   DATA
 0003:00000040 00000140H .data$r                 DATA
 0003:00000180 00000758H .bss                    DATA
 0004:00000000 000002acH .pdata                  DATA
 0005:00000000 0000001cH .gfids$y                DATA
 0006:00000000 00000004H .tls                    DATA
 0006:00000004 00000004H .tls$                   DATA
 0006:00000008 00000001H .tls$ZZZ                DATA
 0007:00000000 000000a0H .rsrc$01                DATA
 0007:000000a0 00000500H .rsrc$02                DATA

  Address         Publics by Value              Rva+Base               Lib:Object

 0000:00000000       __guard_iat_count          0000000000000000     <absolute>
 0000:00000000       __dynamic_value_reloc_table 0000000000000000     <absolute>
 0000:00000000       __guard_iat_table          0000000000000000     <absolute>
 0000:00000000       __guard_longjmp_table      0000000000000000     <absolute>
 0000:00000000       __guard_longjmp_count      0000000000000000     <absolute>
 0000:00000000       __guard_fids_count         0000000000000000     <absolute>
 0000:00000000       ___safe_se_handler_table   0000000000000000     <absolute>
 0000:00000000       ___safe_se_handler_count   0000000000000000     <absolute>
 0000:00000000       __guard_fids_table         0000000000000000     <absolute>
 0000:00000100       __guard_flags              0000000000000100     <absolute>
 0000:00000000       __ImageBase                0000000180000000     <linker-defined>
 0001:00000140       ?Dump@CObject@@UEBAXAEAVCDumpContext@@@Z 0000000180001140 f i SolveTSP.obj
 0001:00000140       ?__empty_global_delete@@YAXPEAX_K@Z 0000000180001140 f i 3Dto2D.obj
 0001:00000140       _guard_check_icall_nop     0000000180001140 f i msvcrt:guard_support.obj
 0001:00000140       ?Serialize@CObject@@UEAAXAEAVCArchive@@@Z 0000000180001140 f i SolveTSP.obj
 0001:00000140       ?AssertValid@CObject@@UEBAXXZ 0000000180001140 f i SolveTSP.obj
 0001:00000140       ?__global_delete@@YAXPEAX_K@Z 0000000180001140 f i * CIL library *:* CIL module *
 0001:00000150       ExtRawDllMain              0000000180001150 f   SolveTSP.obj
 0001:00000190       ??_E?$CSortArray@VCPtrArray@@PEAUtagTSPPT@@@@UEAAPEAXI@Z 0000000180001190 f i * CIL library *:* CIL module *
 0001:00000190       ??_G?$CSortArray@VCPtrArray@@PEAUtagTSPPT@@@@UEAAPEAXI@Z 0000000180001190 f i SolveTSP.obj
 0001:000001e0       DllMain                    00000001800011e0 f   SolveTSP.obj
 0001:00000270       NCVC_Initialize            0000000180001270 f   SolveTSP.obj
 0001:000002c0       SolveTSP                   00000001800012c0 f   SolveTSP.obj
 0001:00000cc0       ?_AtlInitializeCriticalSectionEx@ATL@@YAHPEAU_RTL_CRITICAL_SECTION@@KK@Z 0000000180001cc0 f i stdafx.obj
 0001:00000cc8       ??3@YAXPEAX@Z              0000000180001cc8 f   mfc140:mfc140.dll
 0001:00000cce       ?GetRuntimeClass@CPtrArray@@UEBAPEAUCRuntimeClass@@XZ 0000000180001cce f   mfc140:mfc140.dll
 0001:00000cf0       __security_check_cookie    0000000180001cf0 f   msvcrt:_amdsecgs_.obj
 0001:00000d14       __scrt_acquire_startup_lock 0000000180001d14 f   msvcrt:utility.obj
 0001:00000d50       __scrt_dllmain_after_initialize_c 0000000180001d50 f   msvcrt:utility.obj
 0001:00000d84       __scrt_dllmain_before_initialize_c 0000000180001d84 f   msvcrt:utility.obj
 0001:00000d9c       __scrt_dllmain_crt_thread_attach 0000000180001d9c f   msvcrt:utility.obj
 0001:00000dc4       __scrt_dllmain_crt_thread_detach 0000000180001dc4 f   msvcrt:utility.obj
 0001:00000ddc       __scrt_dllmain_exception_filter 0000000180001ddc f   msvcrt:utility.obj
 0001:00000e40       __scrt_dllmain_uninitialize_c 0000000180001e40 f   msvcrt:utility.obj
 0001:00000e70       __scrt_dllmain_uninitialize_critical 0000000180001e70 f   msvcrt:utility.obj
 0001:00000e84       __scrt_initialize_crt      0000000180001e84 f   msvcrt:utility.obj
 0001:00000ed0       __scrt_initialize_onexit_tables 0000000180001ed0 f   msvcrt:utility.obj
 0001:00000f9c       __scrt_is_nonwritable_in_current_image 0000000180001f9c f   msvcrt:utility.obj
 0001:00001038       __scrt_release_startup_lock 0000000180002038 f   msvcrt:utility.obj
 0001:0000105c       __scrt_uninitialize_crt    000000018000205c f   msvcrt:utility.obj
 0001:00001088       _onexit                    0000000180002088 f   msvcrt:utility.obj
 0001:000010d8       atexit                     00000001800020d8 f   msvcrt:utility.obj
 0001:000010f0       ??3@YAXPEAX_K@Z            00000001800020f0 f   msvcrt:delete_scalar_size.obj
 0001:000010f8       ??_Etype_info@@UEAAPEAXI@Z 00000001800020f8 f i msvcrt:std_type_info_static.obj
 0001:000010f8       ??_Gtype_info@@UEAAPEAXI@Z 00000001800020f8 f i msvcrt:std_type_info_static.obj
 0001:000015b8       _DllMainCRTStartup         00000001800025b8 f   msvcrt:dll_dllmain.obj
 0001:000015f8       _guard_check_icall         00000001800025f8 f i msvcrt:checkcfg.obj
 0001:00001600       __raise_securityfailure    0000000180002600 f   msvcrt:gs_report.obj
 0001:00001634       __report_gsfailure         0000000180002634 f   msvcrt:gs_report.obj
 0001:0000177c       __isa_available_init       000000018000277c f   msvcrt:_cpu_disp_.obj
 0001:00001944       _get_startup_argv_mode     0000000180002944 f   msvcrt:argv_mode.obj
 0001:0000194c       __scrt_is_ucrt_dll_in_use  000000018000294c f   msvcrt:ucrt_detection.obj
 0001:00001958       __scrt_fastfail            0000000180002958 f   msvcrt:utility_desktop.obj
 0001:00001aa0       __security_init_cookie     0000000180002aa0 f   msvcrt:gs_support.obj
 0001:00001b4c       ?__scrt_initialize_type_info@@YAXXZ 0000000180002b4c f   msvcrt:tncleanup.obj
 0001:00001b5c       ?__scrt_uninitialize_type_info@@YAXXZ 0000000180002b5c f   msvcrt:tncleanup.obj
 0001:00001b68       __local_stdio_printf_options 0000000180002b68 f i msvcrt:default_local_stdio_options.obj
 0001:00001b70       __local_stdio_scanf_options 0000000180002b70 f i msvcrt:default_local_stdio_options.obj
 0001:00001b78       __scrt_initialize_default_local_stdio_options 0000000180002b78 f   msvcrt:default_local_stdio_options.obj
 0001:00001b94       __scrt_get_dyn_tls_init_callback 0000000180002b94 f   msvcrt:dyn_tls_init.obj
 0001:00001b9c       _RTC_Initialize            0000000180002b9c f   msvcrt:_initsect_.obj
 0001:00001be8       _RTC_Terminate             0000000180002be8 f   msvcrt:_initsect_.obj
 0001:00001c34       __GSHandlerCheck           0000000180002c34 f   msvcrt:_gshandler_.obj
 0001:00001c54       __GSHandlerCheckCommon     0000000180002c54 f   msvcrt:_gshandler_.obj
 0001:00001cb0       IsProcessorFeaturePresent  0000000180002cb0 f   kernel32:KERNEL32.dll
 0001:00001cb8       ??0CAtlBaseModule@ATL@@QEAA@XZ 0000000180002cb8 f   atls:atlbase.obj
 0001:00001d60       ??1CAtlBaseModule@ATL@@QEAA@XZ 0000000180002d60 f   atls:atlbase.obj
 0001:00001d94       memset                     0000000180002d94 f   vcruntime:VCRUNTIME140.dll
 0001:00001d9a       __C_specific_handler       0000000180002d9a f   vcruntime:VCRUNTIME140.dll
 0001:00001da0       __vcrt_InitializeCriticalSectionEx 0000000180002da0 f   vcruntime:VCRUNTIME140.dll
 0001:00001da6       __std_type_info_destroy_list 0000000180002da6 f   vcruntime:VCRUNTIME140.dll
 0001:00001dac       free                       0000000180002dac f   ucrt:api-ms-win-crt-heap-l1-1-0.dll
 0001:00001db2       _seh_filter_dll            0000000180002db2 f   ucrt:api-ms-win-crt-runtime-l1-1-0.dll
 0001:00001db8       _configure_narrow_argv     0000000180002db8 f   ucrt:api-ms-win-crt-runtime-l1-1-0.dll
 0001:00001dbe       _initialize_narrow_environment 0000000180002dbe f   ucrt:api-ms-win-crt-runtime-l1-1-0.dll
 0001:00001dc4       _initialize_onexit_table   0000000180002dc4 f   ucrt:api-ms-win-crt-runtime-l1-1-0.dll
 0001:00001dca       _register_onexit_function  0000000180002dca f   ucrt:api-ms-win-crt-runtime-l1-1-0.dll
 0001:00001dd0       _execute_onexit_table      0000000180002dd0 f   ucrt:api-ms-win-crt-runtime-l1-1-0.dll
 0001:00001dd6       _crt_atexit                0000000180002dd6 f   ucrt:api-ms-win-crt-runtime-l1-1-0.dll
 0001:00001ddc       _cexit                     0000000180002ddc f   ucrt:api-ms-win-crt-runtime-l1-1-0.dll
 0001:00001de2       _initterm                  0000000180002de2 f   ucrt:api-ms-win-crt-runtime-l1-1-0.dll
 0001:00001de8       _initterm_e                0000000180002de8 f   ucrt:api-ms-win-crt-runtime-l1-1-0.dll
 0001:00001df0       __scrt_stub_for_acrt_thread_attach 0000000180002df0 f   msvcrt:ucrt_stubs.obj
 0001:00001df0       __vcrt_thread_attach       0000000180002df0 f   msvcrt:ucrt_stubs.obj
 0001:00001df0       __vcrt_uninitialize        0000000180002df0 f   msvcrt:ucrt_stubs.obj
 0001:00001df0       __vcrt_uninitialize_critical 0000000180002df0 f   msvcrt:ucrt_stubs.obj
 0001:00001df0       __acrt_thread_detach       0000000180002df0 f   msvcrt:ucrt_stubs.obj
 0001:00001df0       __acrt_uninitialize_critical 0000000180002df0 f   msvcrt:ucrt_stubs.obj
 0001:00001df0       __scrt_stub_for_acrt_uninitialize 0000000180002df0 f   msvcrt:ucrt_stubs.obj
 0001:00001df0       __acrt_uninitialize        0000000180002df0 f   msvcrt:ucrt_stubs.obj
 0001:00001df0       __acrt_thread_attach       0000000180002df0 f   msvcrt:ucrt_stubs.obj
 0001:00001df0       __scrt_stub_for_acrt_thread_detach 0000000180002df0 f   msvcrt:ucrt_stubs.obj
 0001:00001df0       __scrt_stub_for_acrt_uninitialize_critical 0000000180002df0 f   msvcrt:ucrt_stubs.obj
 0001:00001df0       __scrt_stub_for_acrt_initialize 0000000180002df0 f   msvcrt:ucrt_stubs.obj
 0001:00001df0       __vcrt_thread_detach       0000000180002df0 f   msvcrt:ucrt_stubs.obj
 0001:00001df0       __vcrt_initialize          0000000180002df0 f   msvcrt:ucrt_stubs.obj
 0001:00001df0       __acrt_initialize          0000000180002df0 f   msvcrt:ucrt_stubs.obj
 0001:00001df4       _is_c_termination_complete 0000000180002df4 f   msvcrt:ucrt_stubs.obj
 0001:00001df4       __scrt_stub_for_is_c_termination_complete 0000000180002df4 f   msvcrt:ucrt_stubs.obj
 0001:00001e10       _guard_dispatch_icall_nop  0000000180002e10 f   msvcrt:_guard_dispatch_.obj
 0002:00000000       __imp_CreateEventW         0000000180003000     kernel32:KERNEL32.dll
 0002:00000008       __imp_InitializeSListHead  0000000180003008     kernel32:KERNEL32.dll
 0002:00000010       __imp_GetSystemTimeAsFileTime 0000000180003010     kernel32:KERNEL32.dll
 0002:00000018       __imp_GetCurrentThreadId   0000000180003018     kernel32:KERNEL32.dll
 0002:00000020       __imp_GetCurrentProcessId  0000000180003020     kernel32:KERNEL32.dll
 0002:00000028       __imp_QueryPerformanceCounter 0000000180003028     kernel32:KERNEL32.dll
 0002:00000030       __imp_IsDebuggerPresent    0000000180003030     kernel32:KERNEL32.dll
 0002:00000038       __imp_IsProcessorFeaturePresent 0000000180003038     kernel32:KERNEL32.dll
 0002:00000040       __imp_TerminateProcess     0000000180003040     kernel32:KERNEL32.dll
 0002:00000048       __imp_GetCurrentProcess    0000000180003048     kernel32:KERNEL32.dll
 0002:00000050       __imp_SetUnhandledExceptionFilter 0000000180003050     kernel32:KERNEL32.dll
 0002:00000058       __imp_UnhandledExceptionFilter 0000000180003058     kernel32:KERNEL32.dll
 0002:00000060       __imp_RtlVirtualUnwind     0000000180003060     kernel32:KERNEL32.dll
 0002:00000068       __imp_RtlLookupFunctionEntry 0000000180003068     kernel32:KERNEL32.dll
 0002:00000070       __imp_RtlCaptureContext    0000000180003070     kernel32:KERNEL32.dll
 0002:00000078       __imp_GetProcAddress       0000000180003078     kernel32:KERNEL32.dll
 0002:00000080       __imp_GetModuleHandleW     0000000180003080     kernel32:KERNEL32.dll
 0002:00000088       __imp_OutputDebugStringW   0000000180003088     kernel32:KERNEL32.dll
 0002:00000090       __imp_CloseHandle          0000000180003090     kernel32:KERNEL32.dll
 0002:00000098       __imp_lstrcpyA             0000000180003098     kernel32:KERNEL32.dll
 0002:000000a0       __imp_InitializeCriticalSectionAndSpinCount 00000001800030a0     kernel32:KERNEL32.dll
 0002:000000a8       __imp_GetLastError         00000001800030a8     kernel32:KERNEL32.dll
 0002:000000b0       __imp_DeleteCriticalSection 00000001800030b0     kernel32:KERNEL32.dll
 0002:000000b8       \177KERNEL32_NULL_THUNK_DATA 00000001800030b8     kernel32:KERNEL32.dll
 0002:000000c0       __imp_NCVC_GetDocument     00000001800030c0     NCVC64:NCVC.exe
 0002:000000c8       __imp_NCVC_GetDXFData      00000001800030c8     NCVC64:NCVC.exe
 0002:000000d0       __imp_NCVC_GetDXFCutterOrigin 00000001800030d0     NCVC64:NCVC.exe
 0002:000000d8       __imp_NCVC_AddDXFData      00000001800030d8     NCVC64:NCVC.exe
 0002:000000e0       __imp_NCVC_ReDraw          00000001800030e0     NCVC64:NCVC.exe
 0002:000000e8       __imp_NCVC_GetDXFDataSize  00000001800030e8     NCVC64:NCVC.exe
 0002:000000f0       __imp_NCVC_GetDXFLayerData 00000001800030f0     NCVC64:NCVC.exe
 0002:000000f8       __imp_NCVC_GetDXFLayerSize 00000001800030f8     NCVC64:NCVC.exe
 0002:00000100       __imp_NCVC_GetDocumentFileName 0000000180003100     NCVC64:NCVC.exe
 0002:00000108       __imp_NCVC_DelDXFData      0000000180003108     NCVC64:NCVC.exe
 0002:00000110       \177NCVC_NULL_THUNK_DATA   0000000180003110     NCVC64:NCVC.exe
 0002:00000118       __imp___C_specific_handler 0000000180003118     vcruntime:VCRUNTIME140.dll
 0002:00000120       __imp___vcrt_InitializeCriticalSectionEx 0000000180003120     vcruntime:VCRUNTIME140.dll
 0002:00000128       __imp___std_type_info_destroy_list 0000000180003128     vcruntime:VCRUNTIME140.dll
 0002:00000130       __imp_memset               0000000180003130     vcruntime:VCRUNTIME140.dll
 0002:00000138       \177VCRUNTIME140_NULL_THUNK_DATA 0000000180003138     vcruntime:VCRUNTIME140.dll
 0002:00000140       __imp_free                 0000000180003140     ucrt:api-ms-win-crt-heap-l1-1-0.dll
 0002:00000148       \177api-ms-win-crt-heap-l1-1-0_NULL_THUNK_DATA 0000000180003148     ucrt:api-ms-win-crt-heap-l1-1-0.dll
 0002:00000150       __imp__initterm_e          0000000180003150     ucrt:api-ms-win-crt-runtime-l1-1-0.dll
 0002:00000158       __imp__cexit               0000000180003158     ucrt:api-ms-win-crt-runtime-l1-1-0.dll
 0002:00000160       __imp__crt_atexit          0000000180003160     ucrt:api-ms-win-crt-runtime-l1-1-0.dll
 0002:00000168       __imp__execute_onexit_table 0000000180003168     ucrt:api-ms-win-crt-runtime-l1-1-0.dll
 0002:00000170       __imp__register_onexit_function 0000000180003170     ucrt:api-ms-win-crt-runtime-l1-1-0.dll
 0002:00000178       __imp__initialize_onexit_table 0000000180003178     ucrt:api-ms-win-crt-runtime-l1-1-0.dll
 0002:00000180       __imp__initialize_narrow_environment 0000000180003180     ucrt:api-ms-win-crt-runtime-l1-1-0.dll
 0002:00000188       __imp__initterm            0000000180003188     ucrt:api-ms-win-crt-runtime-l1-1-0.dll
 0002:00000190       __imp__configure_narrow_argv 0000000180003190     ucrt:api-ms-win-crt-runtime-l1-1-0.dll
 0002:00000198       __imp__seh_filter_dll      0000000180003198     ucrt:api-ms-win-crt-runtime-l1-1-0.dll
 0002:000001a0       \177api-ms-win-crt-runtime-l1-1-0_NULL_THUNK_DATA 00000001800031a0     ucrt:api-ms-win-crt-runtime-l1-1-0.dll
 0002:000001a8       __imp__time64              00000001800031a8     ucrt:api-ms-win-crt-time-l1-1-0.dll
 0002:000001b0       \177api-ms-win-crt-time-l1-1-0_NULL_THUNK_DATA 00000001800031b0     ucrt:api-ms-win-crt-time-l1-1-0.dll
 0002:000001b8       __imp_srand                00000001800031b8     ucrt:api-ms-win-crt-utility-l1-1-0.dll
 0002:000001c0       __imp_rand                 00000001800031c0     ucrt:api-ms-win-crt-utility-l1-1-0.dll
 0002:000001c8       \177api-ms-win-crt-utility-l1-1-0_NULL_THUNK_DATA 00000001800031c8     ucrt:api-ms-win-crt-utility-l1-1-0.dll
 0002:000001d0       __imp_?SetAtGrow@CPtrArray@@QEAAX_JPEAX@Z 00000001800031d0     mfc140:mfc140.dll
 0002:000001d8       __imp_?AfxThrowInvalidArgException@@YAXXZ 00000001800031d8     mfc140:mfc140.dll
 0002:000001e0       __imp_??4?$CStringT@DV?$StrTraitMFC_DLL@DV?$ChTraitsCRT@D@ATL@@@@@ATL@@QEAAAEAV01@PEBD@Z 00000001800031e0     mfc140:mfc140.dll
 0002:000001e8       __imp_?SetSize@CPtrArray@@QEAAX_J0@Z 00000001800031e8     mfc140:mfc140.dll
 0002:000001f0       __imp_??1?$CStringT@DV?$StrTraitMFC_DLL@DV?$ChTraitsCRT@D@ATL@@@@@ATL@@QEAA@XZ 00000001800031f0     mfc140:mfc140.dll
 0002:000001f8       __imp_?GetRuntimeClass@CPtrArray@@UEBAPEAUCRuntimeClass@@XZ 00000001800031f8     mfc140:mfc140.dll
 0002:00000200       __imp_?AfxTermExtensionModule@@YAXAEAUAFX_EXTENSION_MODULE@@H@Z 0000000180003200     mfc140:mfc140.dll
 0002:00000208       __imp_??0CDynLinkLibrary@@QEAA@AEAUAFX_EXTENSION_MODULE@@H@Z 0000000180003208     mfc140:mfc140.dll
 0002:00000210       __imp_??2@YAPEAX_K@Z       0000000180003210     mfc140:mfc140.dll
 0002:00000218       __imp_?AfxInitExtensionModule@@YAHAEAUAFX_EXTENSION_MODULE@@PEAUHINSTANCE__@@@Z 0000000180003218     mfc140:mfc140.dll
 0002:00000220       __imp_??1CPtrArray@@UEAA@XZ 0000000180003220     mfc140:mfc140.dll
 0002:00000228       __imp_??0CPtrArray@@QEAA@XZ 0000000180003228     mfc140:mfc140.dll
 0002:00000230       __imp_?Compare@?$CStringT@DV?$StrTraitMFC_DLL@DV?$ChTraitsCRT@D@ATL@@@@@ATL@@QEBAHPEBD@Z 0000000180003230     mfc140:mfc140.dll
 0002:00000238       __imp_??3@YAXPEAX@Z        0000000180003238     mfc140:mfc140.dll
 0002:00000240       __imp_?AfxGetModuleState@@YAPEAVAFX_MODULE_STATE@@XZ 0000000180003240     mfc140:mfc140.dll
 0002:00000248       __imp_??0?$CStringT@DV?$StrTraitMFC_DLL@DV?$ChTraitsCRT@D@ATL@@@@@ATL@@QEAA@XZ 0000000180003248     mfc140:mfc140.dll
 0002:00000250       \177mfc140_NULL_THUNK_DATA 0000000180003250     mfc140:mfc140.dll
 0002:00000258       __guard_check_icall_fptr   0000000180003258     msvcrt:guard_support.obj
 0002:00000260       __guard_dispatch_icall_fptr 0000000180003260     msvcrt:guard_support.obj
 0002:00000268       __xc_a                     0000000180003268     msvcrt:initializers.obj
 0002:00000290       __xc_z                     0000000180003290     msvcrt:initializers.obj
 0002:00000298       __xi_a                     0000000180003298     msvcrt:initializers.obj
 0002:000002a8       __xi_z                     00000001800032a8     msvcrt:initializers.obj
 0002:000002b0       __xl_a                     00000001800032b0     msvcrt:tlssup.obj
 0002:000002b8       __xl_z                     00000001800032b8     msvcrt:tlssup.obj
 0002:000002c0       __xp_a                     00000001800032c0     msvcrt:initializers.obj
 0002:000002c8       __xp_z                     00000001800032c8     msvcrt:initializers.obj
 0002:000002d0       __xt_a                     00000001800032d0     msvcrt:initializers.obj
 0002:000002d8       __xt_z                     00000001800032d8     msvcrt:initializers.obj
 0002:000002e8       ??_7type_info@@6B@         00000001800032e8     msvcrt:std_type_info_static.obj
 0002:000002f0       ??_C@_1BK@MGMFAEKH@?$AAk?$AAe?$AAr?$AAn?$AAe?$AAl?$AA3?$AA2?$AA?4?$AAd?$AAl?$AAl?$AA?$AA@ 00000001800032f0     msvcrt:thread_safe_statics.obj
 0002:00000310       ??_C@_0BM@HLJJNPAH@InitializeConditionVariable?$AA@ 0000000180003310     msvcrt:thread_safe_statics.obj
 0002:00000330       ??_C@_0BJ@JEBJOJFJ@SleepConditionVariableCS?$AA@ 0000000180003330     msvcrt:thread_safe_statics.obj
 0002:00000350       ??_C@_0BJ@PGPPEPCC@WakeAllConditionVariable?$AA@ 0000000180003350     msvcrt:thread_safe_statics.obj
 0002:00000370       _pDefaultRawDllMain        0000000180003370     msvcrt:dll_dllmain.obj
 0002:00000388       GUID_ATLVer110             0000000180003388     atls:atlbase.obj
 0002:000003a0       ??_C@_1IC@ONKHOIDK@?$AAE?$AAR?$AAR?$AAO?$AAR?$AA?5?$AA?3?$AA?5?$AAU?$AAn?$AAa?$AAb?$AAl?$AAe?$AA?5?$AAt?$AAo?$AA?5?$AAi?$AAn?$AAi?$AAt?$AAi?$AAa?$AAl?$AAi?$AAz?$AAe?$AA?5?$AAc?$AAr?$AAi@ 00000001800033a0     atls:atlbase.obj
 0002:00000428       ??_C@_0BC@MLKGAKMC@?$IM?$IK?$IJ?A?$INH?$IC?L?$IN?E?$JDK?$IJ?$LL?4?4?4?$AA@ 0000000180003428     SolveTSP.obj
 0002:00000440       ??_C@_08LHDEBMN@SolveTSP?$AA@ 0000000180003440     SolveTSP.obj
 0002:00000450       ??_C@_0BC@NMOCMHPC@MNCT?5Yoshiro?5Nose?$AA@ 0000000180003450     SolveTSP.obj
 0002:00000468       ??_C@_0CC@KOBKPKEL@http?3?1?1s?9gikan2?4maizuru?9ct?4ac?4jp@ 0000000180003468     SolveTSP.obj
 0002:00000490       ??_C@_08LFMHGBEK@TSP_MOVE?$AA@ 0000000180003490     SolveTSP.obj
 0002:000004a8       ??_7?$CSortArray@VCPtrArray@@PEAUtagTSPPT@@@@6B@ 00000001800034a8     SolveTSP.obj
 0002:000004d0       _pRawDllMain               00000001800034d0     SolveTSP.obj
 0002:000004d8       __real@bf1a36e2eb1c432d    00000001800034d8     SolveTSP.obj
 0002:00000550       _load_config_used          0000000180003550     msvcrt:loadcfg.obj
 0002:000005e8       _tls_used                  00000001800035e8     msvcrt:tlssup.obj
 0002:00000610       ??_R4type_info@@6B@        0000000180003610     msvcrt:std_type_info_static.obj
 0002:00000638       ??_R3type_info@@8          0000000180003638     msvcrt:std_type_info_static.obj
 0002:00000650       ??_R2type_info@@8          0000000180003650     msvcrt:std_type_info_static.obj
 0002:00000660       ??_R1A@?0A@EA@type_info@@8 0000000180003660     msvcrt:std_type_info_static.obj
 0002:00000688       ??_R2?$CSortArray@VCPtrArray@@PEAUtagTSPPT@@@@8 0000000180003688     SolveTSP.obj
 0002:000006b8       ??_R2?$CTypedPtrArrayEx@VCPtrArray@@PEAUtagTSPPT@@@@8 00000001800036b8     SolveTSP.obj
 0002:000006e0       ??_R2?$CTypedPtrArray@VCPtrArray@@PEAUtagTSPPT@@@@8 00000001800036e0     SolveTSP.obj
 0002:00000700       ??_R2CPtrArray@@8          0000000180003700     SolveTSP.obj
 0002:00000718       ??_R1A@?0A@EA@?$CSortArray@VCPtrArray@@PEAUtagTSPPT@@@@8 0000000180003718     SolveTSP.obj
 0002:00000740       ??_R1A@?0A@EA@?$CTypedPtrArrayEx@VCPtrArray@@PEAUtagTSPPT@@@@8 0000000180003740     SolveTSP.obj
 0002:00000768       ??_R1A@?0A@EA@?$CTypedPtrArray@VCPtrArray@@PEAUtagTSPPT@@@@8 0000000180003768     SolveTSP.obj
 0002:00000790       ??_R2CObject@@8            0000000180003790     SolveTSP.obj
 0002:000007a0       ??_R3CObject@@8            00000001800037a0     SolveTSP.obj
 0002:000007b8       ??_R1A@?0A@EA@CObject@@8   00000001800037b8     SolveTSP.obj
 0002:000007e0       ??_R1A@?0A@EA@CPtrArray@@8 00000001800037e0     SolveTSP.obj
 0002:00000808       ??_R3?$CTypedPtrArrayEx@VCPtrArray@@PEAUtagTSPPT@@@@8 0000000180003808     SolveTSP.obj
 0002:00000820       ??_R3?$CTypedPtrArray@VCPtrArray@@PEAUtagTSPPT@@@@8 0000000180003820     SolveTSP.obj
 0002:00000838       ??_R3CPtrArray@@8          0000000180003838     SolveTSP.obj
 0002:00000850       ??_R3?$CSortArray@VCPtrArray@@PEAUtagTSPPT@@@@8 0000000180003850     SolveTSP.obj
 0002:00000868       ??_R4?$CSortArray@VCPtrArray@@PEAUtagTSPPT@@@@6B@ 0000000180003868     SolveTSP.obj
 0002:00000c68       __rtc_iaa                  0000000180003c68     msvcrt:_initsect_.obj
 0002:00000c70       __rtc_izz                  0000000180003c70     msvcrt:_initsect_.obj
 0002:00000c78       __rtc_taa                  0000000180003c78     msvcrt:_initsect_.obj
 0002:00000c80       __rtc_tzz                  0000000180003c80     msvcrt:_initsect_.obj
 0002:00000eb4       __IMPORT_DESCRIPTOR_NCVC   0000000180003eb4     NCVC64:NCVC.exe
 0002:00000ec8       __IMPORT_DESCRIPTOR_mfc140 0000000180003ec8     mfc140:mfc140.dll
 0002:00000edc       __IMPORT_DESCRIPTOR_KERNEL32 0000000180003edc     kernel32:KERNEL32.dll
 0002:00000ef0       __IMPORT_DESCRIPTOR_VCRUNTIME140 0000000180003ef0     vcruntime:VCRUNTIME140.dll
 0002:00000f04       __IMPORT_DESCRIPTOR_api-ms-win-crt-utility-l1-1-0 0000000180003f04     ucrt:api-ms-win-crt-utility-l1-1-0.dll
 0002:00000f18       __IMPORT_DESCRIPTOR_api-ms-win-crt-time-l1-1-0 0000000180003f18     ucrt:api-ms-win-crt-time-l1-1-0.dll
 0002:00000f2c       __IMPORT_DESCRIPTOR_api-ms-win-crt-heap-l1-1-0 0000000180003f2c     ucrt:api-ms-win-crt-heap-l1-1-0.dll
 0002:00000f40       __IMPORT_DESCRIPTOR_api-ms-win-crt-runtime-l1-1-0 0000000180003f40     ucrt:api-ms-win-crt-runtime-l1-1-0.dll
 0002:00000f54       __NULL_IMPORT_DESCRIPTOR   0000000180003f54     NCVC64:NCVC.exe
 0003:00000000       __scrt_native_dllmain_reason 0000000180005000     msvcrt:utility.obj
 0003:00000004       _Init_global_epoch         0000000180005004     msvcrt:thread_safe_statics.obj
 0003:00000008       __security_cookie          0000000180005008     msvcrt:gs_cookie.obj
 0003:00000010       __security_cookie_complement 0000000180005010     msvcrt:gs_cookie.obj
 0003:00000018       __isa_available            0000000180005018     msvcrt:_cpu_disp_.obj
 0003:0000001c       __isa_enabled              000000018000501c     msvcrt:_cpu_disp_.obj
 0003:00000020       __memcpy_nt_iters          0000000180005020     msvcrt:_cpu_disp_.obj
 0003:00000030       __scrt_ucrt_dll_is_in_use  0000000180005030     msvcrt:ucrt_stubs.obj
 0003:00000034       _fltused                   0000000180005034     msvcrt:dllsupp.obj
 0003:00000040       ??_R0?AVtype_info@@@8      0000000180005040     msvcrt:std_type_info_static.obj
 0003:00000060       ??_R0?AVCObject@@@8        0000000180005060     SolveTSP.obj
 0003:00000080       ??_R0?AV?$CTypedPtrArrayEx@VCPtrArray@@PEAUtagTSPPT@@@@@8 0000000180005080     SolveTSP.obj
 0003:000000d0       ??_R0?AV?$CTypedPtrArray@VCPtrArray@@PEAUtagTSPPT@@@@@8 00000001800050d0     SolveTSP.obj
 0003:00000118       ??_R0?AVCPtrArray@@@8      0000000180005118     SolveTSP.obj
 0003:00000138       ??_R0?AV?$CSortArray@VCPtrArray@@PEAUtagTSPPT@@@@@8 0000000180005138     SolveTSP.obj
 0003:00000180       __afxForceEXCLUDE          0000000180005180     mfcs140:nolib.obj
 0003:00000184       __afxForceSTDAFX           0000000180005184     mfcs140:stdafx.obj
 0003:00000188       __scrt_current_native_startup_state 0000000180005188     msvcrt:utility.obj
 0003:00000190       __scrt_native_startup_lock 0000000180005190     msvcrt:utility.obj
 0003:0000021c       _tls_index                 000000018000521c     msvcrt:tlssup.obj
 0003:00000790       __favor                    0000000180005790     msvcrt:_cpu_disp_.obj
 0003:00000794       __scrt_debugger_hook_flag  0000000180005794     msvcrt:utility_desktop.obj
 0003:000007a0       ?__type_info_root_node@@3U__type_info_node@@A 00000001800057a0     msvcrt:tncleanup.obj
 0003:000007b0       ?_OptionsStorage@?1??__local_stdio_printf_options@@9@4_KA 00000001800057b0     msvcrt:default_local_stdio_options.obj
 0003:000007b8       ?_OptionsStorage@?1??__local_stdio_scanf_options@@9@4_KA 00000001800057b8     msvcrt:default_local_stdio_options.obj
 0003:000007c0       ?_AtlBaseModule@ATL@@3VCAtlBaseModule@1@A 00000001800057c0     atls:atlbase.obj
 0003:00000820       __@@_PchSym_@00@UwwUexgllohUexHoryhUhsrkUzgonuxUhixUzgoUzgohUlyqBiUznwGEUhgwzucOlyq@CB7A8FA0488D52BF 0000000180005820     atls:stdafx.obj
 0003:000008c8       __@@_PchSym_@00@UfhvihUnztzizUwlxfnvmghUerhfzoLhgfwrlLCABFUkilqvxghUmxexOzwwrmUhloevghkUhloevghkUivovzhvGEUhgwzucOlyq@F0620A1F5BDDCB52 00000001800058c8     stdafx.obj
 0003:000008cc       ?m_bInitFailed@CAtlBaseModule@ATL@@2_NA 00000001800058cc     stdafx.obj
 0003:000008d0       __dyn_tls_init_callback    00000001800058d0     <common>
 0006:00000000       _tls_start                 0000000180008000     msvcrt:tlssup.obj
 0006:00000004       _Init_thread_epoch         0000000180008004     msvcrt:thread_safe_statics.obj
 0006:00000008       _tls_end                   0000000180008008     msvcrt:tlssup.obj

 entry point at        0001:000015b8

 Static symbols

 0000:ffff5000       .debug$S                   0000000180000000     kernel32:KERNEL32.dll
 0000:ffff5000       .debug$S                   0000000180000000     kernel32:KERNEL32.dll
 0000:ffff5000       .debug$S                   0000000180000000     kernel32:KERNEL32.dll
 0000:ffff5000       .debug$S                   0000000180000000     kernel32:KERNEL32.dll
 0000:ffff5000       .debug$S                   0000000180000000     kernel32:KERNEL32.dll
 0000:ffff5000       .debug$S                   0000000180000000     kernel32:KERNEL32.dll
 0000:ffff5000       .debug$S                   0000000180000000     kernel32:KERNEL32.dll
 0000:ffff5000       .debug$S                   0000000180000000     kernel32:KERNEL32.dll
 0000:ffff5000       .debug$S                   0000000180000000     kernel32:KERNEL32.dll
 0000:ffff5000       .debug$S                   0000000180000000     kernel32:KERNEL32.dll
 0000:ffff5000       .debug$S                   0000000180000000     ucrt:api-ms-win-crt-heap-l1-1-0.dll
 0000:ffff5000       .debug$S                   0000000180000000     kernel32:KERNEL32.dll
 0000:ffff5000       .debug$S                   0000000180000000     ucrt:api-ms-win-crt-heap-l1-1-0.dll
 0000:ffff5000       .debug$S                   0000000180000000     kernel32:KERNEL32.dll
 0002:ffffd000       .idata$6                   0000000180000000     ucrt:api-ms-win-crt-math-l1-1-0.dll
 0000:ffff5000       .debug$S                   0000000180000000     kernel32:KERNEL32.dll
 0000:ffff5000       .debug$S                   0000000180000000     ucrt:api-ms-win-crt-math-l1-1-0.dll
 0000:ffff5000       .debug$S                   0000000180000000     kernel32:KERNEL32.dll
 0000:ffff5000       .debug$S                   0000000180000000     ucrt:api-ms-win-crt-runtime-l1-1-0.dll
 0000:ffff5000       .debug$S                   0000000180000000     kernel32:KERNEL32.dll
 0000:ffff5000       .debug$S                   0000000180000000     ucrt:api-ms-win-crt-runtime-l1-1-0.dll
 0000:ffff5000       .debug$S                   0000000180000000     kernel32:KERNEL32.dll
 0000:ffff5000       .debug$S                   0000000180000000     ucrt:api-ms-win-crt-runtime-l1-1-0.dll
 0000:ffff5000       .debug$S                   0000000180000000     kernel32:KERNEL32.dll
 0000:ffff5000       .debug$S                   0000000180000000     ucrt:api-ms-win-crt-runtime-l1-1-0.dll
 0000:ffff5000       .debug$S                   0000000180000000     kernel32:KERNEL32.dll
 0000:ffff5000       .debug$S                   0000000180000000     ucrt:api-ms-win-crt-runtime-l1-1-0.dll
 0000:ffff5000       .debug$S                   0000000180000000     kernel32:KERNEL32.dll
 0000:ffff5000       .debug$S                   0000000180000000     ucrt:api-ms-win-crt-runtime-l1-1-0.dll
 0000:ffff5000       .debug$S                   0000000180000000     kernel32:KERNEL32.dll
 0000:ffff5000       .debug$S                   0000000180000000     ucrt:api-ms-win-crt-runtime-l1-1-0.dll
 0000:ffff5000       .debug$S                   0000000180000000     kernel32:KERNEL32.dll
 0000:ffff5000       .debug$S                   0000000180000000     ucrt:api-ms-win-crt-runtime-l1-1-0.dll
 0000:ffff5000       .debug$S                   0000000180000000     kernel32:KERNEL32.dll
 0000:ffff5000       .debug$S                   0000000180000000     ucrt:api-ms-win-crt-runtime-l1-1-0.dll
 0000:ffff5000       .debug$S                   0000000180000000     ucrt:api-ms-win-crt-runtime-l1-1-0.dll
 0000:ffff5000       .debug$S                   0000000180000000     ucrt:api-ms-win-crt-runtime-l1-1-0.dll
 0000:ffff5000       .debug$S                   0000000180000000     ucrt:api-ms-win-crt-runtime-l1-1-0.dll
 0000:ffff5000       .debug$S                   0000000180000000     kernel32:KERNEL32.dll
 0000:ffff5000       .debug$S                   0000000180000000     kernel32:KERNEL32.dll
 0000:ffff5000       .debug$S                   0000000180000000     kernel32:KERNEL32.dll
 0000:ffff5000       .debug$S                   0000000180000000     ucrt:api-ms-win-crt-runtime-l1-1-0.dll
 0000:ffff5000       .debug$S                   0000000180000000     ucrt:api-ms-win-crt-runtime-l1-1-0.dll
 0000:ffff5000       .debug$S                   0000000180000000     kernel32:KERNEL32.dll
 0000:ffff5000       .debug$S                   0000000180000000     SolveTSP.exp
 0000:ffff5000       .debug$S                   0000000180000000     kernel32:KERNEL32.dll
 0000:ffff5000       .debug$S                   0000000180000000     kernel32:KERNEL32.dll
 0000:ffff5000       .debug$S                   0000000180000000     kernel32:KERNEL32.dll
 0000:ffff5000       .debug$S                   0000000180000000     kernel32:KERNEL32.dll
 0000:ffff5000       .debug$S                   0000000180000000     kernel32:KERNEL32.dll
 0000:ffff5000       .debug$S                   0000000180000000     kernel32:KERNEL32.dll
 0000:ffff5000       .debug$S                   0000000180000000     NCVC64:NCVC.exe
 0000:ffff5000       .debug$S                   0000000180000000     NCVC64:NCVC.exe
 0000:ffff5000       .debug$S                   0000000180000000     NCVC64:NCVC.exe
 0000:ffff5000       .debug$S                   0000000180000000     NCVC64:NCVC.exe
 0000:ffff5000       .debug$S                   0000000180000000     NCVC64:NCVC.exe
 0000:ffff5000       .debug$S                   0000000180000000     NCVC64:NCVC.exe
 0000:ffff5000       .debug$S                   0000000180000000     NCVC64:NCVC.exe
 0000:ffff5000       .debug$S                   0000000180000000     NCVC64:NCVC.exe
 0000:ffff5000       .debug$S                   0000000180000000     NCVC64:NCVC.exe
 0000:ffff5000       .debug$S                   0000000180000000     NCVC64:NCVC.exe
 0000:ffff5000       .debug$S                   0000000180000000     kernel32:KERNEL32.dll
 0000:ffff5000       .debug$S                   0000000180000000     kernel32:KERNEL32.dll
 0000:ffff5000       .debug$S                   0000000180000000     mfc140:mfc140.dll
 0000:ffff5000       .debug$S                   0000000180000000     mfc140:mfc140.dll
 0000:ffff5000       .debug$S                   0000000180000000     mfc140:mfc140.dll
 0000:ffff5000       .debug$S                   0000000180000000     mfc140:mfc140.dll
 0000:ffff5000       .debug$S                   0000000180000000     mfc140:mfc140.dll
 0000:ffff5000       .debug$S                   0000000180000000     mfc140:mfc140.dll
 0000:ffff5000       .debug$S                   0000000180000000     mfc140:mfc140.dll
 0000:ffff5000       .debug$S                   0000000180000000     mfc140:mfc140.dll
 0000:ffff5000       .debug$S                   0000000180000000     mfc140:mfc140.dll
 0000:ffff5000       .debug$S                   0000000180000000     mfc140:mfc140.dll
 0000:ffff5000       .debug$S                   0000000180000000     mfc140:mfc140.dll
 0000:ffff5000       .debug$S                   0000000180000000     mfc140:mfc140.dll
 0000:ffff5000       .debug$S                   0000000180000000     mfc140:mfc140.dll
 0000:ffff5000       .debug$S                   0000000180000000     mfc140:mfc140.dll
 0000:ffff5000       .debug$S                   0000000180000000     mfc140:mfc140.dll
 0000:ffff5000       .debug$S                   0000000180000000     mfc140:mfc140.dll
 0000:ffff5000       .debug$S                   0000000180000000     kernel32:KERNEL32.dll
 0000:ffff5000       .debug$S                   0000000180000000     kernel32:KERNEL32.dll
 0000:ffff5000       .debug$S                   0000000180000000     kernel32:KERNEL32.dll
 0000:ffff5000       .debug$S                   0000000180000000     ucrt:api-ms-win-crt-time-l1-1-0.dll
 0000:ffff5000       .debug$S                   0000000180000000     kernel32:KERNEL32.dll
 0000:ffff5000       .debug$S                   0000000180000000     user32:USER32.dll
 0000:ffff5000       .debug$S                   0000000180000000     kernel32:KERNEL32.dll
 0002:ffffd000       .idata$6                   0000000180000000     user32:USER32.dll
 0000:ffff5000       .debug$S                   0000000180000000     kernel32:KERNEL32.dll
 0000:ffff5000       .debug$S                   0000000180000000     kernel32:KERNEL32.dll
 0000:ffff5000       .debug$S                   0000000180000000     kernel32:KERNEL32.dll
 0000:ffff5000       .debug$S                   0000000180000000     ucrt:api-ms-win-crt-utility-l1-1-0.dll
 0000:ffff5000       .debug$S                   0000000180000000     kernel32:KERNEL32.dll
 0000:ffff5000       .debug$S                   0000000180000000     ucrt:api-ms-win-crt-utility-l1-1-0.dll
 0000:ffff5000       .debug$S                   0000000180000000     oleaut32:OLEAUT32.dll
 0000:ffff5000       .debug$S                   0000000180000000     vcruntime:VCRUNTIME140.dll
 0002:ffffd000       .idata$6                   0000000180000000     oleaut32:OLEAUT32.dll
 0000:ffff5000       .debug$S                   0000000180000000     kernel32:KERNEL32.dll
 0000:ffff5000       .debug$S                   0000000180000000     kernel32:KERNEL32.dll
 0000:ffff5000       .debug$S                   0000000180000000     vcruntime:VCRUNTIME140.dll
 0000:ffff5000       .debug$S                   0000000180000000     vcruntime:VCRUNTIME140.dll
 0000:ffff5000       .debug$S                   0000000180000000     vcruntime:VCRUNTIME140.dll
 0000:ffff5000       .debug$S                   0000000180000000     kernel32:KERNEL32.dll
 0000:ffff5000       .debug$S                   0000000180000000     vcruntime:VCRUNTIME140.dll
 0000:ffff5000       .debug$S                   0000000180000000     vcruntime:VCRUNTIME140.dll
 0000:ffff5000       .debug$S                   0000000180000000     vcruntime:VCRUNTIME140.dll
 0000:ffff5000       .debug$S                   0000000180000000     kernel32:KERNEL32.dll
 0001:00000000       ??__Eg_arPoint@@YAXXZ      0000000180001000 f   SolveTSP.obj
 0001:00000060       ??__Eg_arTmp@@YAXXZ        0000000180001060 f   SolveTSP.obj
 0001:000000c0       ??__Eg_arBest@@YAXXZ       00000001800010c0 f   SolveTSP.obj
 0001:00000114       ??__E_AtlBaseModule@ATL@@YAXXZ 0000000180001114 f   atls:atlbase.obj
 0001:00000b50       ?GetCost@@YANH@Z           0000000180001b50 f   SolveTSP.obj
 0001:00000c20       ?ClearArray@@YAXXZ         0000000180001c20 f   SolveTSP.obj
 0001:00000ce0       $$000000                   0000000180001ce0     msvcrt:_amdsecgs_.obj
 0001:00001124       ?__scrt_initialize_thread_safe_statics@@YAHXZ 0000000180002124 f   msvcrt:thread_safe_statics.obj
 0001:00001244       ?__scrt_uninitialize_thread_safe_statics@@YAXXZ 0000000180002244 f   msvcrt:thread_safe_statics.obj
 0001:0000126c       ?dllmain_crt_dispatch@@YAHQEAUHINSTANCE__@@KQEAX@Z 000000018000226c f   msvcrt:dll_dllmain.obj
 0001:000012bc       ?dllmain_crt_process_attach@@YAHQEAUHINSTANCE__@@QEAX@Z 00000001800022bc f   msvcrt:dll_dllmain.obj
 0001:000013e8       ?dllmain_crt_process_detach@@YAH_N@Z 00000001800023e8 f   msvcrt:dll_dllmain.obj
 0001:0000146c       ?dllmain_dispatch@@YAHQEAUHINSTANCE__@@KQEAX@Z 000000018000246c f   msvcrt:dll_dllmain.obj
 0001:00001564       ?dllmain_raw@@YAHQEAUHINSTANCE__@@KQEAX@Z 0000000180002564 f   msvcrt:dll_dllmain.obj
 0001:00001708       capture_previous_context   0000000180002708 f   msvcrt:gs_report.obj
 0001:00001e00       $$000000                   0000000180002e00     msvcrt:_guard_dispatch_.obj
 0001:00001e12       __scrt_is_nonwritable_in_current_image$filt$0 0000000180002e12 f   msvcrt:utility.obj
 0001:00001e2a       ?fin$0@?0??dllmain_crt_process_attach@@YAHQEAUHINSTANCE__@@QEAX@Z@4HA 0000000180002e2a f   msvcrt:dll_dllmain.obj
 0001:00001e41       ?fin$0@?0??dllmain_crt_process_detach@@YAH_N@Z@4HA 0000000180002e41 f   msvcrt:dll_dllmain.obj
 0001:00001e5d       ?filt$0@?0??dllmain_dispatch@@YAHQEAUHINSTANCE__@@KQEAX@Z@4HA 0000000180002e5d f   msvcrt:dll_dllmain.obj
 0001:00001ea0       ??__Fg_arBest@@YAXXZ       0000000180002ea0 f   SolveTSP.obj
 0001:00001eb0       ??__Fg_arTmp@@YAXXZ        0000000180002eb0 f   SolveTSP.obj
 0001:00001ec0       ??__Fg_arPoint@@YAXXZ      0000000180002ec0 f   SolveTSP.obj
 0001:00001ed0       ??__F_AtlBaseModule@ATL@@YAXXZ 0000000180002ed0 f   atls:atlbase.obj
 0002:00000270       ?_AtlBaseModule$initializer$@ATL@@3P6AXXZEA 0000000180003270     atls:atlbase.obj
 0002:00000278       ?g_arPoint$initializer$@@3P6AXXZEA 0000000180003278     SolveTSP.obj
 0002:00000280       ?g_arTmp$initializer$@@3P6AXXZEA 0000000180003280     SolveTSP.obj
 0002:00000288       ?g_arBest$initializer$@@3P6AXXZEA 0000000180003288     SolveTSP.obj
 0002:000002a0       ?__scrt_initialize_tss_var@@3P6AHXZEA 00000001800032a0     msvcrt:thread_safe_statics.obj
 0002:00000378       GS_ExceptionPointers       0000000180003378     msvcrt:gs_report.obj
 0002:00000c88       $unwind$__scrt_acquire_startup_lock 0000000180003c88     msvcrt:utility.obj
 0002:00000c88       $unwind$??__E_AtlBaseModule@ATL@@YAXXZ 0000000180003c88     atls:atlbase.obj
 0002:00000c88       $unwind$?__scrt_uninitialize_thread_safe_statics@@YAXXZ 0000000180003c88     msvcrt:thread_safe_statics.obj
 0002:00000c88       $unwind$??__Eg_arPoint@@YAXXZ 0000000180003c88     SolveTSP.obj
 0002:00000c88       $unwind$??__Eg_arTmp@@YAXXZ 0000000180003c88     SolveTSP.obj
 0002:00000c88       $unwind$??__Eg_arBest@@YAXXZ 0000000180003c88     SolveTSP.obj
 0002:00000c88       $unwind$?GetCost@@YANH@Z   0000000180003c88     SolveTSP.obj
 0002:00000c88       $unwind$__scrt_dllmain_after_initialize_c 0000000180003c88     msvcrt:utility.obj
 0002:00000c88       $unwind$ExtRawDllMain      0000000180003c88     SolveTSP.obj
 0002:00000c88       $unwind$atexit             0000000180003c88     msvcrt:utility.obj
 0002:00000c88       $unwind$__GSHandlerCheck   0000000180003c88     msvcrt:_gshandler_.obj
 0002:00000c88       $unwind$__scrt_dllmain_crt_thread_detach 0000000180003c88     msvcrt:utility.obj
 0002:00000c88       $unwind$__scrt_dllmain_crt_thread_attach 0000000180003c88     msvcrt:utility.obj
 0002:00000c88       $unwind$__scrt_dllmain_uninitialize_critical 0000000180003c88     msvcrt:utility.obj
 0002:00000c88       $unwind$__scrt_dllmain_uninitialize_c 0000000180003c88     msvcrt:utility.obj
 0002:00000c88       $unwind$__scrt_dllmain_before_initialize_c 0000000180003c88     msvcrt:utility.obj
 0002:00000c88       $unwind$__scrt_initialize_default_local_stdio_options 0000000180003c88     msvcrt:default_local_stdio_options.obj
 0002:00000c88       $unwind$?dllmain_crt_dispatch@@YAHQEAUHINSTANCE__@@KQEAX@Z 0000000180003c88     msvcrt:dll_dllmain.obj
 0002:00000c90       $unwind$??_G?$CSortArray@VCPtrArray@@PEAUtagTSPPT@@@@UEAAPEAXI@Z 0000000180003c90     SolveTSP.obj
 0002:00000c90       $unwind$?ClearArray@@YAXXZ 0000000180003c90     SolveTSP.obj
 0002:00000c90       $unwind$??0CAtlBaseModule@ATL@@QEAA@XZ 0000000180003c90     atls:atlbase.obj
 0002:00000c9c       $unwind$__raise_securityfailure 0000000180003c9c     msvcrt:gs_report.obj
 0002:00000c9c       $unwind$DllMain            0000000180003c9c     SolveTSP.obj
 0002:00000c9c       $unwind$_onexit            0000000180003c9c     msvcrt:utility.obj
 0002:00000c9c       $unwind$??_Gtype_info@@UEAAPEAXI@Z 0000000180003c9c     msvcrt:std_type_info_static.obj
 0002:00000c9c       $unwind$__scrt_uninitialize_crt 0000000180003c9c     msvcrt:utility.obj
 0002:00000c9c       $unwind$__scrt_initialize_crt 0000000180003c9c     msvcrt:utility.obj
 0002:00000c9c       $unwind$??1CAtlBaseModule@ATL@@QEAA@XZ 0000000180003c9c     atls:atlbase.obj
 0002:00000c9c       $unwind$__scrt_release_startup_lock 0000000180003c9c     msvcrt:utility.obj
 0002:00000ca4       $unwind$SolveTSP           0000000180003ca4     SolveTSP.obj
 0002:00000ccc       $chain$2$SolveTSP          0000000180003ccc     SolveTSP.obj
 0002:00000ce8       $chain$3$SolveTSP          0000000180003ce8     SolveTSP.obj
 0002:00000cf8       $chain$6$SolveTSP          0000000180003cf8     SolveTSP.obj
 0002:00000cf8       $chain$4$SolveTSP          0000000180003cf8     SolveTSP.obj
 0002:00000d18       $xdatasym                  0000000180003d18     msvcrt:_amdsecgs_.obj
 0002:00000d1c       $unwind$__scrt_is_nonwritable_in_current_image 0000000180003d1c     msvcrt:utility.obj
 0002:00000d3c       $unwind$__scrt_is_nonwritable_in_current_image$filt$0 0000000180003d3c     msvcrt:utility.obj
 0002:00000d44       $unwind$__scrt_initialize_onexit_tables 0000000180003d44     msvcrt:utility.obj
 0002:00000d50       $unwind$_RTC_Terminate     0000000180003d50     msvcrt:_initsect_.obj
 0002:00000d50       $unwind$_RTC_Initialize    0000000180003d50     msvcrt:_initsect_.obj
 0002:00000d50       $unwind$_DllMainCRTStartup 0000000180003d50     msvcrt:dll_dllmain.obj
 0002:00000d50       $unwind$?__scrt_initialize_thread_safe_statics@@YAHXZ 0000000180003d50     msvcrt:thread_safe_statics.obj
 0002:00000d60       $unwind$?dllmain_crt_process_attach@@YAHQEAUHINSTANCE__@@QEAX@Z 0000000180003d60     msvcrt:dll_dllmain.obj
 0002:00000d8c       $unwind$?fin$0@?0??dllmain_crt_process_attach@@YAHQEAUHINSTANCE__@@QEAX@Z@4HA 0000000180003d8c     msvcrt:dll_dllmain.obj
 0002:00000d8c       $unwind$?fin$0@?0??dllmain_crt_process_detach@@YAH_N@Z@4HA 0000000180003d8c     msvcrt:dll_dllmain.obj
 0002:00000d94       $unwind$?dllmain_crt_process_detach@@YAH_N@Z 0000000180003d94     msvcrt:dll_dllmain.obj
 0002:00000dbc       $unwind$?dllmain_raw@@YAHQEAUHINSTANCE__@@KQEAX@Z 0000000180003dbc     msvcrt:dll_dllmain.obj
 0002:00000dbc       $unwind$__scrt_dllmain_exception_filter 0000000180003dbc     msvcrt:utility.obj
 0002:00000dd0       $unwind$?dllmain_dispatch@@YAHQEAUHINSTANCE__@@KQEAX@Z 0000000180003dd0     msvcrt:dll_dllmain.obj
 0002:00000df8       $unwind$?filt$0@?0??dllmain_dispatch@@YAHQEAUHINSTANCE__@@KQEAX@Z@4HA 0000000180003df8     msvcrt:dll_dllmain.obj
 0002:00000e00       $unwind$__report_gsfailure 0000000180003e00     msvcrt:gs_report.obj
 0002:00000e08       $unwind$capture_previous_context 0000000180003e08     msvcrt:gs_report.obj
 0002:00000e14       $unwind$__isa_available_init 0000000180003e14     msvcrt:_cpu_disp_.obj
 0002:00000e24       $unwind$__scrt_fastfail    0000000180003e24     msvcrt:utility_desktop.obj
 0002:00000e34       $unwind$__security_init_cookie 0000000180003e34     msvcrt:gs_support.obj
 0002:00000e40       $unwind$__GSHandlerCheckCommon 0000000180003e40     msvcrt:_gshandler_.obj
 0002:00000e48       $xdatasym                  0000000180003e48     msvcrt:_guard_dispatch_.obj
 0002:00000e50       .edata                     0000000180003e50     SolveTSP.exp
 0002:00000e78       rgpv                       0000000180003e78     SolveTSP.exp
 0002:00000e80       rgszName                   0000000180003e80     SolveTSP.exp
 0002:00000e88       rgwOrd                     0000000180003e88     SolveTSP.exp
 0002:00000e8c       szName                     0000000180003e8c     SolveTSP.exp
 0002:00000e99       $N00001                    0000000180003e99     SolveTSP.exp
 0002:00000ea9       $N00002                    0000000180003ea9     SolveTSP.exp
 0002:00001294       .idata$6                   0000000180004294     NCVC64:NCVC.exe
 0002:0000129e       .idata$6                   000000018000429e     mfc140:mfc140.dll
 0002:00001494       .idata$6                   0000000180004494     kernel32:KERNEL32.dll
 0002:0000150a       .idata$6                   000000018000450a     vcruntime:VCRUNTIME140.dll
 0002:0000160e       .idata$6                   000000018000460e     ucrt:api-ms-win-crt-utility-l1-1-0.dll
 0002:00001630       .idata$6                   0000000180004630     ucrt:api-ms-win-crt-time-l1-1-0.dll
 0002:00001650       .idata$6                   0000000180004650     ucrt:api-ms-win-crt-heap-l1-1-0.dll
 0002:00001670       .idata$6                   0000000180004670     ucrt:api-ms-win-crt-runtime-l1-1-0.dll
 0003:00000198       ?module_local_atexit_table@@3U_onexit_table_t@@A 0000000180005198     msvcrt:utility.obj
 0003:000001b0       ?module_local_at_quick_exit_table@@3U_onexit_table_t@@A 00000001800051b0     msvcrt:utility.obj
 0003:000001c8       ?is_initialized_as_dll@@3_NA 00000001800051c8     msvcrt:utility.obj
 0003:000001d0       ?_Tss_mutex@@3U_RTL_CRITICAL_SECTION@@A 00000001800051d0     msvcrt:thread_safe_statics.obj
 0003:000001f8       ?_Tss_cv@@3U_RTL_CONDITION_VARIABLE@@A 00000001800051f8     msvcrt:thread_safe_statics.obj
 0003:00000200       ?_Tss_event@@3PEAXEA       0000000180005200     msvcrt:thread_safe_statics.obj
 0003:00000208       ?encoded_sleep_condition_variable_cs@@3P6AHPEAU_RTL_CONDITION_VARIABLE@@PEAU_RTL_CRITICAL_SECTION@@K@ZEA 0000000180005208     msvcrt:thread_safe_statics.obj
 0003:00000210       ?encoded_wake_all_condition_variable@@3P6AXPEAU_RTL_CONDITION_VARIABLE@@@ZEA 0000000180005210     msvcrt:thread_safe_statics.obj
 0003:00000218       ?__proc_attached@@3HA      0000000180005218     msvcrt:dll_dllmain.obj
 0003:00000220       GS_ExceptionRecord         0000000180005220     msvcrt:gs_report.obj
 0003:000002c0       GS_ContextRecord           00000001800052c0     msvcrt:gs_report.obj
 0003:00000828       ?SolveTSPDLL@@3UAFX_EXTENSION_MODULE@@A 0000000180005828     SolveTSP.obj
 0003:00000850       ?g_arPoint@@3V?$CSortArray@VCPtrArray@@PEAUtagTSPPT@@@@A 0000000180005850     SolveTSP.obj
 0003:00000878       ?g_arTmp@@3V?$CSortArray@VCPtrArray@@PEAUtagTSPPT@@@@A 0000000180005878     SolveTSP.obj
 0003:000008a0       ?g_arBest@@3V?$CSortArray@VCPtrArray@@PEAUtagTSPPT@@@@A 00000001800058a0     SolveTSP.obj
 0004:00000000       $pdata$??__Eg_arPoint@@YAXXZ 0000000180006000     SolveTSP.obj
 0004:0000000c       $pdata$??__Eg_arTmp@@YAXXZ 000000018000600c     SolveTSP.obj
 0004:00000018       $pdata$??__Eg_arBest@@YAXXZ 0000000180006018     SolveTSP.obj
 0004:00000024       $pdata$??__E_AtlBaseModule@ATL@@YAXXZ 0000000180006024     atls:atlbase.obj
 0004:00000030       $pdata$ExtRawDllMain       0000000180006030     SolveTSP.obj
 0004:0000003c       $pdata$??_G?$CSortArray@VCPtrArray@@PEAUtagTSPPT@@@@UEAAPEAXI@Z 000000018000603c     SolveTSP.obj
 0004:00000048       $pdata$DllMain             0000000180006048     SolveTSP.obj
 0004:00000054       $pdata$SolveTSP            0000000180006054     SolveTSP.obj
 0004:00000060       $pdata$2$SolveTSP          0000000180006060     SolveTSP.obj
 0004:0000006c       $pdata$3$SolveTSP          000000018000606c     SolveTSP.obj
 0004:00000078       $pdata$4$SolveTSP          0000000180006078     SolveTSP.obj
 0004:00000084       $pdata$6$SolveTSP          0000000180006084     SolveTSP.obj
 0004:00000090       $pdata$?GetCost@@YANH@Z    0000000180006090     SolveTSP.obj
 0004:0000009c       $pdata$?ClearArray@@YAXXZ  000000018000609c     SolveTSP.obj
 0004:000000b4       $pdata$__scrt_acquire_startup_lock 00000001800060b4     msvcrt:utility.obj
 0004:000000c0       $pdata$__scrt_dllmain_after_initialize_c 00000001800060c0     msvcrt:utility.obj
 0004:000000cc       $pdata$__scrt_dllmain_before_initialize_c 00000001800060cc     msvcrt:utility.obj
 0004:000000d8       $pdata$__scrt_dllmain_crt_thread_attach 00000001800060d8     msvcrt:utility.obj
 0004:000000e4       $pdata$__scrt_dllmain_crt_thread_detach 00000001800060e4     msvcrt:utility.obj
 0004:000000f0       $pdata$__scrt_dllmain_exception_filter 00000001800060f0     msvcrt:utility.obj
 0004:000000fc       $pdata$__scrt_dllmain_uninitialize_c 00000001800060fc     msvcrt:utility.obj
 0004:00000108       $pdata$__scrt_dllmain_uninitialize_critical 0000000180006108     msvcrt:utility.obj
 0004:00000114       $pdata$__scrt_initialize_crt 0000000180006114     msvcrt:utility.obj
 0004:00000120       $pdata$__scrt_initialize_onexit_tables 0000000180006120     msvcrt:utility.obj
 0004:0000012c       $pdata$__scrt_is_nonwritable_in_current_image 000000018000612c     msvcrt:utility.obj
 0004:00000138       $pdata$__scrt_release_startup_lock 0000000180006138     msvcrt:utility.obj
 0004:00000144       $pdata$__scrt_uninitialize_crt 0000000180006144     msvcrt:utility.obj
 0004:00000150       $pdata$_onexit             0000000180006150     msvcrt:utility.obj
 0004:0000015c       $pdata$atexit              000000018000615c     msvcrt:utility.obj
 0004:00000168       $pdata$??_Gtype_info@@UEAAPEAXI@Z 0000000180006168     msvcrt:std_type_info_static.obj
 0004:00000174       $pdata$?__scrt_initialize_thread_safe_statics@@YAHXZ 0000000180006174     msvcrt:thread_safe_statics.obj
 0004:00000180       $pdata$?__scrt_uninitialize_thread_safe_statics@@YAXXZ 0000000180006180     msvcrt:thread_safe_statics.obj
 0004:0000018c       $pdata$?dllmain_crt_dispatch@@YAHQEAUHINSTANCE__@@KQEAX@Z 000000018000618c     msvcrt:dll_dllmain.obj
 0004:00000198       $pdata$?dllmain_crt_process_attach@@YAHQEAUHINSTANCE__@@QEAX@Z 0000000180006198     msvcrt:dll_dllmain.obj
 0004:000001a4       $pdata$?dllmain_crt_process_detach@@YAH_N@Z 00000001800061a4     msvcrt:dll_dllmain.obj
 0004:000001b0       $pdata$?dllmain_dispatch@@YAHQEAUHINSTANCE__@@KQEAX@Z 00000001800061b0     msvcrt:dll_dllmain.obj
 0004:000001bc       $pdata$?dllmain_raw@@YAHQEAUHINSTANCE__@@KQEAX@Z 00000001800061bc     msvcrt:dll_dllmain.obj
 0004:000001c8       $pdata$_DllMainCRTStartup  00000001800061c8     msvcrt:dll_dllmain.obj
 0004:000001d4       $pdata$__raise_securityfailure 00000001800061d4     msvcrt:gs_report.obj
 0004:000001e0       $pdata$__report_gsfailure  00000001800061e0     msvcrt:gs_report.obj
 0004:000001ec       $pdata$capture_previous_context 00000001800061ec     msvcrt:gs_report.obj
 0004:000001f8       $pdata$__isa_available_init 00000001800061f8     msvcrt:_cpu_disp_.obj
 0004:00000204       $pdata$__scrt_fastfail     0000000180006204     msvcrt:utility_desktop.obj
 0004:00000210       $pdata$__security_init_cookie 0000000180006210     msvcrt:gs_support.obj
 0004:0000021c       $pdata$__scrt_initialize_default_local_stdio_options 000000018000621c     msvcrt:default_local_stdio_options.obj
 0004:00000228       $pdata$_RTC_Initialize     0000000180006228     msvcrt:_initsect_.obj
 0004:00000234       $pdata$_RTC_Terminate      0000000180006234     msvcrt:_initsect_.obj
 0004:00000240       $pdata$__GSHandlerCheck    0000000180006240     msvcrt:_gshandler_.obj
 0004:0000024c       $pdata$__GSHandlerCheckCommon 000000018000624c     msvcrt:_gshandler_.obj
 0004:00000258       $pdata$??0CAtlBaseModule@ATL@@QEAA@XZ 0000000180006258     atls:atlbase.obj
 0004:00000264       $pdata$??1CAtlBaseModule@ATL@@QEAA@XZ 0000000180006264     atls:atlbase.obj
 0004:0000027c       $pdata$__scrt_is_nonwritable_in_current_image$filt$0 000000018000627c     msvcrt:utility.obj
 0004:00000288       $pdata$?fin$0@?0??dllmain_crt_process_attach@@YAHQEAUHINSTANCE__@@QEAX@Z@4HA 0000000180006288     msvcrt:dll_dllmain.obj
 0004:00000294       $pdata$?fin$0@?0??dllmain_crt_process_detach@@YAH_N@Z@4HA 0000000180006294     msvcrt:dll_dllmain.obj
 0004:000002a0       $pdata$?filt$0@?0??dllmain_dispatch@@YAHQEAUHINSTANCE__@@KQEAX@Z@4HA 00000001800062a0     msvcrt:dll_dllmain.obj
 0005:00000000       __guard_fids__             0000000180007000     msvcrt:std_type_info_static.obj
 0005:00000004       __guard_fids__             0000000180007004     msvcrt:thread_safe_statics.obj
 0005:00000008       __guard_fids_?__scrt_initialize_thread_safe_statics@@YAHXZ 0000000180007008     msvcrt:thread_safe_statics.obj
 0005:0000000c       __guard_fids_?dllmain_crt_process_attach@@YAHQEAUHINSTANCE__@@QEAX@Z 000000018000700c     msvcrt:dll_dllmain.obj
 0005:00000014       __guard_fids_?dllmain_dispatch@@YAHQEAUHINSTANCE__@@KQEAX@Z 0000000180007014     msvcrt:dll_dllmain.obj
 0005:00000018       __guard_fids__             0000000180007018     msvcrt:guard_support.obj
 0007:000000a0       $R000000                   00000001800090a0     SolveTSP.res
 0007:00000378       $R0002D8                   0000000180009378     SolveTSP.res
